TOTAL RECORDS: 173

=== CATEGORY SUMMARY ===
  ?먯옱猷뚮퉬: 44嫄? 4,452,041??
  ?뚮え?덈퉬: 84嫄? 3,953,383??
  湲고?寃쎈퉬: 31嫄? 830,890??
  媛쒖씤媛怨꾨?: 14嫄? 216,300??

=== 湲고?寃쎈퉬 (UNCLASSIFIED) DETAILS ===
  2026-02-28 | ?쒓뎅?꾨줈怨듭궗 2嫄?                          |      1,120 | bizType=湲고?
  2026-02-27 | ?쒓뎅?꾨줈怨듭궗 2嫄?                          |      1,120 | bizType=湲고?
  2026-02-26 | ?쒓뎅?꾨줈怨듭궗 4嫄?                          |      2,520 | bizType=湲고?
  2026-02-25 | ?쒓뎅?꾨줈怨듭궗 4嫄?                          |      3,500 | bizType=湲고?
  2026-02-24 | ?쒓뎅?꾨줈怨듭궗 2嫄?                          |      1,120 | bizType=湲고?
  2026-02-23 | 媛뺣궓?쒗솚?꾨줈 1嫄?                          |      1,900 | bizType=湲고?
  2026-02-23 | ?쒓뎅?꾨줈怨듭궗 5嫄?                          |      2,620 | bizType=湲고?
  2026-02-21 | ?⑸쭏?곕꼸?섏씠?⑥뒪 1嫄?                        |      1,700 | bizType=湲고?
  2026-02-21 | ?쒖슱?쒖＜李⑥옣                              |      9,200 | bizType=二쇱쑀諛륁젙鍮?
  2026-02-20 | ?쒓뎅?꾨줈怨듭궗 2嫄?                          |      1,120 | bizType=湲고?
  2026-02-19 | ?쒖슱遺곷?怨좎냽?꾨줈 1嫄?                        |      1,680 | bizType=湲고?
  2026-02-19 | ?쇱궛?닿퀎?먭퀬?띾룄濡?4嫄?                       |      3,500 | bizType=湲고?
  2026-02-19 | ?쒖슱臾몄궛怨좎냽?꾨줈 2嫄?                        |      1,680 | bizType=湲고?
  2026-02-19 | 濡?뜲?뚰깉                                |    692,000 | bizType=湲고?
  2026-02-17 | ?⑸쭏?곕꼸?섏씠?⑥뒪 1嫄?                        |      1,700 | bizType=湲고?
  2026-02-17 | ?꾪겕?ㅻ턿媛뺣룞??                            |     22,000 | bizType=臾명솕/?ㅻ씫/?덉졇
  2026-02-17 | ?꾪겕?ㅻ턿媛뺣룞??                            |      3,500 | bizType=臾명솕/?ㅻ씫/?덉졇
  2026-02-17 | ?꾪겕?ㅻ턿媛뺣룞??                            |     16,650 | bizType=臾명솕/?ㅻ씫/?덉졇
  2026-02-17 | ?꾪겕?ㅻ턿媛뺣룞??                            |     15,000 | bizType=臾명솕/?ㅻ씫/?덉졇
  2026-02-13 | ?쒓뎅?꾨줈怨듭궗 2嫄?                          |      1,120 | bizType=湲고?
  2026-02-12 | ?쒓뎅?꾨줈怨듭궗 3嫄?                          |      1,820 | bizType=湲고?
  2026-02-11 | ?쒓뎅?꾨줈怨듭궗 5嫄?                          |      3,080 | bizType=湲고?
  2026-02-11 | 寃쎌닔怨좎냽?꾨줈 1嫄?                          |         70 | bizType=湲고?
  2026-02-11 | 援먮낫臾멸퀬                                |      9,600 | bizType=臾명솕/?ㅻ씫/?덉졇
  2026-02-11 | 援먮낫臾멸퀬                                |     12,200 | bizType=臾명솕/?ㅻ씫/?덉졇
  2026-02-10 | ?쒓뎅?꾨줈怨듭궗 3嫄?                          |      1,520 | bizType=湲고?
  2026-02-09 | ?쒓뎅?꾨줈怨듭궗 1嫄?                          |        630 | bizType=湲고?
  2026-02-08 | ?쒓뎅?꾨줈怨듭궗 1嫄?                          |        560 | bizType=湲고?
  2026-02-07 | ?쒖슱異섏쿇怨좎냽?꾨줈 2嫄?                        |      1,260 | bizType=湲고?
  2026-02-06 | ?뚰뙆移댄뵾?쇳꽣嫄대???                          |      4,400 | bizType=湲고?
  2026-02-04 | ?щ┛?좏뵾?꾧퀬?뺤븘?댄뙆?ъ젏                        |     11,000 | bizType=湲고?

=== ?뚮え?덈퉬 DETAILS (check ?쇳븨/?좏넻 match) ===
  2026-02-28 | ?명?諭낇겕二쇱떇?뚯궗 - ?쒗떚?좏뵾                     |     80,000 | bizType=?쇳븨/?좏넻
  2026-02-27 | ?곷??좏넻(二?                             |    295,910 | bizType=?쇳븨/?좏넻
  2026-02-27 | ?곷??좏넻(二?                             |     16,700 | bizType=?쇳븨/?좏넻
  2026-02-27 | ?좎갹                                  |     22,000 | bizType=?쇳븨/?좏넻
  2026-02-27 | ?먯뒪?먰봽?ㅻ퉬                              |     35,600 | bizType=?쇳븨/?좏넻
  2026-02-27 | ?ㅻ냽?곗뾽(二?                             |     10,000 | bizType=?쇳븨/?좏넻
  2026-02-26 | ?좎갹                                  |    336,800 | bizType=?쇳븨/?좏넻
  2026-02-26 | ?좎쭊?곸궗                                |     27,000 | bizType=?쇳븨/?좏넻
  2026-02-26 | ?쒖＜二쇰갑?꾩슱??                            |     12,000 | bizType=?쇳븨/?좏넻
  2026-02-26 | ?ъ슦?곹쉶                                |      6,500 | bizType=?쇳븨/?좏넻
  2026-02-26 | ?ъ슦?곹쉶                                |     19,500 | bizType=?쇳븨/?좏넻
  2026-02-26 | ?ㅻ냽?곗뾽(二?                             |     13,200 | bizType=?쇳븨/?좏넻
  2026-02-25 | ?곷??좏넻(二?                             |    149,000 | bizType=?쇳븨/?좏넻
  2026-02-25 | ?좎갹                                  |    209,000 | bizType=?쇳븨/?좏넻
  2026-02-25 | ?먯뒪?먰봽?ㅻ퉬                              |     44,500 | bizType=?쇳븨/?좏넻
  2026-02-24 | ?먯뒪?먰봽?ㅻ퉬                              |     53,400 | bizType=?쇳븨/?좏넻
  2026-02-24 | ?ㅻ냽?곗뾽(二?                             |    130,000 | bizType=?쇳븨/?좏넻
  2026-02-23 | ?곷??좏넻(二?                             |     62,290 | bizType=?쇳븨/?좏넻
  2026-02-23 | ?먯뒪?먰봽?ㅻ퉬                              |     17,800 | bizType=?쇳븨/?좏넻
  2026-02-23 | ?좎갹                                  |    183,200 | bizType=?쇳븨/?좏넻
  2026-02-23 | ?쒖＜二쇰갑?꾩슱??                            |     16,300 | bizType=?쇳븨/?좏넻
  2026-02-23 | ?ъ슦?곹쉶                                |     12,800 | bizType=?쇳븨/?좏넻
  2026-02-23 | ?ㅻ냽?곗뾽(二?                             |     51,600 | bizType=?쇳븨/?좏넻
  2026-02-22 | ?섏씠??- (二??곗븘?쒗삎?쒕뱾                     |     33,100 | bizType=?쇳븨/?좏넻
  2026-02-21 | ?좊룞?쒖＜諛?                              |     44,000 | bizType=?쇳븨/?좏넻
  2026-02-20 | ?곷??좏넻(二?                             |    298,000 | bizType=?쇳븨/?좏넻
  2026-02-19 | ?좎갹                                  |     30,900 | bizType=?쇳븨/?좏넻
  2026-02-19 | ?먯뒪?먰봽?ㅻ퉬                              |     35,600 | bizType=?쇳븨/?좏넻
  2026-02-19 | ?ㅻ냽?곗뾽(二?                             |    130,000 | bizType=?쇳븨/?좏넻
  2026-02-19 | ?ㅻ냽?곗뾽(二?                             |      2,000 | bizType=?쇳븨/?좏넻
  2026-02-19 | KT?명꽣?룹젣?대궔遺                           |     23,100 | bizType=?쇳븨/?좏넻
  2026-02-19 | KT?좎꽑?곹뭹?먮룞?⑸?                          |     14,580 | bizType=?쇳븨/?좏넻
  2026-02-16 | ?ㅻ냽?곗뾽(二?                             |     16,500 | bizType=?쇳븨/?좏넻
  2026-02-16 | ?ㅻ냽?곗뾽(二?                             |     11,900 | bizType=?쇳븨/?좏넻
  2026-02-16 | ?留덉껌怨?                               |     30,000 | bizType=?쇳븨/?좏넻
  2026-02-16 | 荑≪븻?뚰떚                                |     50,000 | bizType=?쇳븨/?좏넻
  2026-02-16 | ?좎쭊?곸궗                                |     78,000 | bizType=?쇳븨/?좏넻
  2026-02-16 | 怨쇱씪???                               |     22,000 | bizType=?쇳븨/?좏넻
  2026-02-16 | ?쒖＜二쇰갑?꾩슱??                            |     28,700 | bizType=?쇳븨/?좏넻
  2026-02-16 | ?ъ슦?곹쉶                                |     32,000 | bizType=?쇳븨/?좏넻
  2026-02-16 | ?ㅻ떞                                  |     42,000 | bizType=?쇳븨/?좏넻
  2026-02-16 | ?ъ씤??                                |      5,000 | bizType=?쇳븨/?좏넻
  2026-02-13 | ?먯뒪?먰봽?ㅻ퉬                              |     44,500 | bizType=?쇳븨/?좏넻
  2026-02-12 | 媛?쏀뙥                                 |     21,560 | bizType=湲고?
  2026-02-12 | ?곷??좏넻(二?                             |    282,500 | bizType=?쇳븨/?좏넻
  2026-02-12 | ?곷??좏넻(二?                             |      2,900 | bizType=?쇳븨/?좏넻
  2026-02-12 | ?쒖＜二쇰갑?꾩슱??                            |     28,700 | bizType=?쇳븨/?좏넻
  2026-02-12 | ?쒖＜二쇰갑?꾩슱??                            |     36,000 | bizType=?쇳븨/?좏넻
  2026-02-12 | ?ъ슦?곹쉶                                |     12,800 | bizType=?쇳븨/?좏넻
  2026-02-11 | 濡?뜲?쇳븨??留ㅽ겕濡쒗넻??                        |      5,100 | bizType=?쇳븨/?좏넻
  2026-02-11 | GS25媛뺣룞?붾━踰꾩젏                          |      1,200 | bizType=?쇳븨/?좏넻
  2026-02-10 | 怨좉뎄?ㅽ궎移쒖에?꾩슱??                          |     50,000 | bizType=?쇳븨/?좏넻
  2026-02-10 | ?먯뒪?먰봽?ㅻ퉬                              |     17,800 | bizType=?쇳븨/?좏넻
  2026-02-10 | ?좎쭊?곸궗                                |     27,000 | bizType=?쇳븨/?좏넻
  2026-02-10 | ?ㅻ냽?곗뾽(二?                             |     82,500 | bizType=?쇳븨/?좏넻
  2026-02-09 | #LG?좏뵆?ъ뒪?듭떊??-**39-1796               |    142,470 | bizType=?쇳븨/?좏넻
  2026-02-09 | ?쒖＜二쇰갑?꾩슱??                            |      9,900 | bizType=?쇳븨/?좏넻
  2026-02-09 | ?ъ슦?곹쉶                                |     12,800 | bizType=?쇳븨/?좏넻
  2026-02-08 | ?곷??좏넻(二?                             |      2,900 | bizType=?쇳븨/?좏넻
  2026-02-08 | ?곷??좏넻(二?                             |      2,900 | bizType=?쇳븨/?좏넻
  2026-02-08 | ?ㅼ씠?뚯븘?깆궛??                            |      6,000 | bizType=?쇳븨/?좏넻
  2026-02-08 | KCP - ?꾩씠?뚰궧 二쇱떇?뚯궗                     |      1,000 | bizType=?쇳븨/?좏넻
  2026-02-07 | OPENAI *CHATGPT SUBSCR              |     30,014 | bizType=?쇳븨/?좏넻
  2026-02-06 | ?좎뒪?섏씠癒쇱툩 - 援ш??섏씠癒쇳듃肄붾━???좏븳??             |      5,700 | bizType=?쇳븨/?좏넻
  2026-02-06 | 媛?쏀뙥                                 |      3,300 | bizType=湲고?
  2026-02-06 | ?뚰뙆嫄대?蹂몄젏                              |      2,500 | bizType=?쇳븨/?좏넻
  2026-02-06 | ?먯뒪?먰봽?ㅻ퉬                              |     62,300 | bizType=?쇳븨/?좏넻
  2026-02-06 | 紐⑤뱺?ъ옣                                |     16,500 | bizType=湲고?
  2026-02-06 | ?ъ슦?곹쉶                                |     12,800 | bizType=?쇳븨/?좏넻
  2026-02-05 | ?좎쭊?곸궗                                |     27,000 | bizType=?쇳븨/?좏넻
  2026-02-05 | ?쒖＜二쇰갑?꾩슱??                            |     16,000 | bizType=?쇳븨/?좏넻
  2026-02-05 | ?ъ슦?곹쉶                                |     12,800 | bizType=?쇳븨/?좏넻
  2026-02-05 | 紐⑤퉴由ъ뼵??- ?쒖뿉?ㅼ썝                        |     44,000 | bizType=?쇳븨/?좏넻
  2026-02-05 | ?ㅻ냽?곗뾽(二?                             |      5,980 | bizType=?쇳븨/?좏넻
  2026-02-04 | ?꾨땲鍮꾨땲?꾩씠?뚰겕?붾━踰꾩젏                        |      3,000 | bizType=?쇳븨/?좏넻
  2026-02-03 | 媛?쏀뙥                                 |     11,000 | bizType=湲고?
  2026-02-03 | ?좎쭊?곸궗                                |     27,000 | bizType=?쇳븨/?좏넻
  2026-02-03 | ?ъ슦?곹쉶                                |     12,800 | bizType=?쇳븨/?좏넻
  2026-02-03 | ?ㅻ냽?곗뾽(二?                             |     11,900 | bizType=?쇳븨/?좏넻
  2026-02-02 | OPENAI *CHATGPT SUBSCR              |     29,579 | bizType=?쇳븨/?좏넻
  2026-02-02 | ?곷??좏넻(二?                             |      2,900 | bizType=?쇳븨/?좏넻
  2026-02-02 | ?먯뒪?먰봽?ㅻ퉬                              |     80,100 | bizType=?쇳븨/?좏넻
  2026-02-02 | ?ъ슦?곹쉶                                |     12,800 | bizType=?쇳븨/?좏넻
  2026-02-01 | ?섏씠??- ?몄쿇愿묒뿭??以묎뎄 ?쒖꽕愿由ш났??              |        400 | bizType=?쇳븨/?좏넻

=== UNIQUE VENDORS ===
  肄붿뒪?몄퐫肄붾━??                             10嫄?   2,720,790??-> ?먯옱猷뚮퉬
  ?곷??좏넻(二?                              10嫄?   1,116,000??-> ?뚮え?덈퉬
  ?좎갹                                    5嫄?     781,900??-> ?뚮え?덈퉬
  濡?뜲?뚰깉                                  1嫄?     692,000??-> 湲고?寃쎈퉬
  ?좎갹醫낇빀?앺뭹                                4嫄?     631,900??-> ?먯옱猷뚮퉬
  ?ㅻ냽?곗뾽(二?                              11嫄?     465,580??-> ?뚮え?덈퉬
  ?먯뒪?먰봽?ㅻ퉬                                9嫄?     391,600??-> ?뚮え?덈퉬
  KCP - 荑좏뙜                              7嫄?     237,640??-> ?먯옱猷뚮퉬
  二쇱떇?뚯궗議곗뼇留덊듃                              4嫄?     231,630??-> ?먯옱猷뚮퉬
  ?섏씠??- 荑좏뙜                              6嫄?     216,401??-> ?먯옱猷뚮퉬
  ?좎쭊?곸궗                                  5嫄?     186,000??-> ?뚮え?덈퉬
  ?⑹궛?앺뭹                                  5嫄?     158,000??-> ?먯옱猷뚮퉬
  ?쒓뎅?뺣낫?듭떊 - 荑좏뙜                           5嫄?     155,040??-> ?먯옱猷뚮퉬
  ?쒖＜二쇰갑?꾩슱??                              7嫄?     147,600??-> ?뚮え?덈퉬
  ?ъ슦?곹쉶                                 10嫄?     147,600??-> ?뚮え?덈퉬
  #LG?좏뵆?ъ뒪?듭떊??-**39-1796                 1嫄?     142,470??-> ?뚮え?덈퉬
  ?명?諭낇겕二쇱떇?뚯궗 - ?쒗떚?좏뵾                       1嫄?      80,000??-> ?뚮え?덈퉬
  ?ъ뒪??몃뱶留덉폆誘몄궗??                           1嫄?      67,640??-> ?먯옱猷뚮퉬
  OPENAI *CHATGPT SUBSCR                2嫄?      59,593??-> ?뚮え?덈퉬
  ?꾪겕?ㅻ턿媛뺣룞??                              4嫄?      57,150??-> 湲고?寃쎈퉬
  荑≪븻?뚰떚                                  1嫄?      50,000??-> ?뚮え?덈퉬
  怨좉뎄?ㅽ궎移쒖에?꾩슱??                            1嫄?      50,000??-> ?뚮え?덈퉬
  ?좊룞?쒖＜諛?                                1嫄?      44,000??-> ?뚮え?덈퉬
  紐⑤퉴由ъ뼵??- ?쒖뿉?ㅼ썝                          1嫄?      44,000??-> ?뚮え?덈퉬
  ?ㅻ떞                                    1嫄?      42,000??-> ?뚮え?덈퉬
  媛?쏀뙥                                   3嫄?      35,860??-> ?뚮え?덈퉬
  ?섏씠??- (二??곗븘?쒗삎?쒕뱾                       1嫄?      33,100??-> ?뚮え?덈퉬
  ?쒕젅伊щⅤ嫄닿뎅?蹂묒썝??                           1嫄?      33,000??-> 媛쒖씤媛怨꾨?
  ??κ툑?〓갑                                 2嫄?      32,000??-> 媛쒖씤媛怨꾨?
  ?붿뼇?대Ъ移쇨뎅??                              1嫄?      31,000??-> 媛쒖씤媛怨꾨?
  ?留덉껌怨?                                 1嫄?      30,000??-> ?뚮え?덈퉬
  醫낃?吏?                                  1嫄?      29,000??-> 媛쒖씤媛怨꾨?
  ?대┛?쎄뎅                                  1嫄?      24,000??-> 媛쒖씤媛怨꾨?
  KT?명꽣?룹젣?대궔遺                             1嫄?      23,100??-> ?뚮え?덈퉬
  怨쇱씪???                                 1嫄?      22,000??-> ?뚮え?덈퉬
  援먮낫臾멸퀬                                  2嫄?      21,800??-> 湲고?寃쎈퉬
  ?깆쭊?앺뭹                                  1嫄?      20,000??-> ?먯옱猷뚮퉬
  誘몃윭移쇨뎅??                                1嫄?      18,000??-> 媛쒖씤媛怨꾨?
  紐⑤뱺?ъ옣                                  1嫄?      16,500??-> ?뚮え?덈퉬
  KT?좎꽑?곹뭹?먮룞?⑸?                            1嫄?      14,580??-> ?뚮え?덈퉬
  ?쇰?諛섏갔                                  1嫄?      13,000??-> ?먯옱猷뚮퉬
  ?щ┛?좏뵾?꾧퀬?뺤븘?댄뙆?ъ젏                          1嫄?      11,000??-> 湲고?寃쎈퉬
  ?숈“?                                   1嫄?      11,000??-> 媛쒖씤媛怨꾨?
  留뚮굹??                                  1嫄?      10,000??-> 媛쒖씤媛怨꾨?
  鍮꾩븣肄붾━?꾨뜕?⑤룄?덉툩嫄대??낃뎄??젏                      1嫄?       9,400??-> 媛쒖씤媛怨꾨?
  ?쒖슱?쒖＜李⑥옣                                1嫄?       9,200??-> 湲고?寃쎈퉬
  釉붾옉?쒕━?섎（                                1嫄?       7,000??-> 媛쒖씤媛怨꾨?
  釉뚮젅?꾩퐫嫄대??낃뎄??젏                            2嫄?       6,900??-> 媛쒖씤媛怨꾨?
  ?쒓뎅?꾨줈怨듭궗 4嫄?                            2嫄?       6,020??-> 湲고?寃쎈퉬
  ?ㅼ씠?뚯븘?깆궛??                              1嫄?       6,000??-> ?뚮え?덈퉬
  ?쒓뎅?꾨줈怨듭궗 5嫄?                            2嫄?       5,700??-> 湲고?寃쎈퉬
  ?좎뒪?섏씠癒쇱툩 - 援ш??섏씠癒쇳듃肄붾━???좏븳??               1嫄?       5,700??-> ?뚮え?덈퉬
  ?쒓뎅?꾨줈怨듭궗 2嫄?                            5嫄?       5,600??-> 湲고?寃쎈퉬
  濡?뜲?쇳븨??留ㅽ겕濡쒗넻??                          1嫄?       5,100??-> ?뚮え?덈퉬
  ?ъ씤??                                  1嫄?       5,000??-> ?뚮え?덈퉬
  硫붾え?щ툝紐⑤㉫??                              1嫄?       5,000??-> 媛쒖씤媛怨꾨?
  ?뚰뙆移댄뵾?쇳꽣嫄대???                            1嫄?       4,400??-> 湲고?寃쎈퉬
  ?쇱궛?닿퀎?먭퀬?띾룄濡?4嫄?                         1嫄?       3,500??-> 湲고?寃쎈퉬
  ?⑸쭏?곕꼸?섏씠?⑥뒪 1嫄?                          2嫄?       3,400??-> 湲고?寃쎈퉬
  ?쒓뎅?꾨줈怨듭궗 3嫄?                            2嫄?       3,340??-> 湲고?寃쎈퉬
  ?꾨땲鍮꾨땲?꾩씠?뚰겕?붾━踰꾩젏                          1嫄?       3,000??-> ?뚮え?덈퉬
  ?뚰뙆嫄대?蹂몄젏                                1嫄?       2,500??-> ?뚮え?덈퉬
  媛뺣궓?쒗솚?꾨줈 1嫄?                            1嫄?       1,900??-> 湲고?寃쎈퉬
  ?쒖슱遺곷?怨좎냽?꾨줈 1嫄?                          1嫄?       1,680??-> 湲고?寃쎈퉬
  ?쒖슱臾몄궛怨좎냽?꾨줈 2嫄?                          1嫄?       1,680??-> 湲고?寃쎈퉬
  ?쒖슱異섏쿇怨좎냽?꾨줈 2嫄?                          1嫄?       1,260??-> 湲고?寃쎈퉬
  GS25媛뺣룞?붾━踰꾩젏                            1嫄?       1,200??-> ?뚮え?덈퉬
  ?쒓뎅?꾨줈怨듭궗 1嫄?                            2嫄?       1,190??-> 湲고?寃쎈퉬
  KCP - ?꾩씠?뚰궧 二쇱떇?뚯궗                       1嫄?       1,000??-> ?뚮え?덈퉬
  ?섏씠??- ?몄쿇愿묒뿭??以묎뎄 ?쒖꽕愿由ш났??                1嫄?         400??-> ?뚮え?덈퉬
  寃쎌닔怨좎냽?꾨줈 1嫄?                            1嫄?          70??-> 湲고?寃쎈퉬

=== POTENTIAL MISCLASSIFICATION (?쇳븨/?좏넻 -> ?뚮え?덈퉬 but maybe should be ?먯옱猷뚮퉬) ===
  ?좑툘 2026-02-27 | ?곷??좏넻(二?                             |    295,910 -> ?뚮え?덈퉬 (should be ?먯옱猷뚮퉬?)
  ?좑툘 2026-02-27 | ?곷??좏넻(二?                             |     16,700 -> ?뚮え?덈퉬 (should be ?먯옱猷뚮퉬?)
  ?좑툘 2026-02-27 | ?ㅻ냽?곗뾽(二?                             |     10,000 -> ?뚮え?덈퉬 (should be ?먯옱猷뚮퉬?)
  ?좑툘 2026-02-26 | ?ㅻ냽?곗뾽(二?                             |     13,200 -> ?뚮え?덈퉬 (should be ?먯옱猷뚮퉬?)
  ?좑툘 2026-02-25 | ?곷??좏넻(二?                             |    149,000 -> ?뚮え?덈퉬 (should be ?먯옱猷뚮퉬?)
  ?좑툘 2026-02-24 | ?ㅻ냽?곗뾽(二?                             |    130,000 -> ?뚮え?덈퉬 (should be ?먯옱猷뚮퉬?)
  ?좑툘 2026-02-23 | ?곷??좏넻(二?                             |     62,290 -> ?뚮え?덈퉬 (should be ?먯옱猷뚮퉬?)
  ?좑툘 2026-02-23 | ?ㅻ냽?곗뾽(二?                             |     51,600 -> ?뚮え?덈퉬 (should be ?먯옱猷뚮퉬?)
  ?좑툘 2026-02-20 | ?곷??좏넻(二?                             |    298,000 -> ?뚮え?덈퉬 (should be ?먯옱猷뚮퉬?)
  ?좑툘 2026-02-19 | ?ㅻ냽?곗뾽(二?                             |    130,000 -> ?뚮え?덈퉬 (should be ?먯옱猷뚮퉬?)
  ?좑툘 2026-02-19 | ?ㅻ냽?곗뾽(二?                             |      2,000 -> ?뚮え?덈퉬 (should be ?먯옱猷뚮퉬?)
  ?좑툘 2026-02-16 | ?ㅻ냽?곗뾽(二?                             |     16,500 -> ?뚮え?덈퉬 (should be ?먯옱猷뚮퉬?)
  ?좑툘 2026-02-16 | ?ㅻ냽?곗뾽(二?                             |     11,900 -> ?뚮え?덈퉬 (should be ?먯옱猷뚮퉬?)
  ?좑툘 2026-02-12 | ?곷??좏넻(二?                             |    282,500 -> ?뚮え?덈퉬 (should be ?먯옱猷뚮퉬?)
  ?좑툘 2026-02-12 | ?곷??좏넻(二?                             |      2,900 -> ?뚮え?덈퉬 (should be ?먯옱猷뚮퉬?)
  ?좑툘 2026-02-10 | ?ㅻ냽?곗뾽(二?                             |     82,500 -> ?뚮え?덈퉬 (should be ?먯옱猷뚮퉬?)
  ?좑툘 2026-02-08 | ?곷??좏넻(二?                             |      2,900 -> ?뚮え?덈퉬 (should be ?먯옱猷뚮퉬?)
  ?좑툘 2026-02-08 | ?곷??좏넻(二?                             |      2,900 -> ?뚮え?덈퉬 (should be ?먯옱猷뚮퉬?)
  ?좑툘 2026-02-05 | ?ㅻ냽?곗뾽(二?                             |      5,980 -> ?뚮え?덈퉬 (should be ?먯옱猷뚮퉬?)
  ?좑툘 2026-02-03 | ?ㅻ냽?곗뾽(二?                             |     11,900 -> ?뚮え?덈퉬 (should be ?먯옱猷뚮퉬?)
  ?좑툘 2026-02-02 | ?곷??좏넻(二?                             |      2,900 -> ?뚮え?덈퉬 (should be ?먯옱猷뚮퉬?)
